2026-05-12 15:59:07,224 [INFO] Creating 16 vectorized environments...
2026-05-12 15:59:07,224 [INFO] Reward: balanced, params: {'upright_weight': 2.0, 'stability_weight': 1.0, 'spin_weight': 0.1, 'energy_weight': 0.02}
2026-05-12 15:59:09,904 [INFO] Rozpoczynam trening PPO...
2026-05-12 15:59:16,613 [INFO] iter: 32768, critic_loss: 0.3968, actor_loss: -0.0026
2026-05-12 15:59:22,600 [INFO] iter: 65536, critic_loss: 0.2924, actor_loss: -0.0057
2026-05-12 15:59:28,345 [INFO] iter: 98304, critic_loss: 0.3046, actor_loss: -0.0072
2026-05-12 15:59:34,294 [INFO] iter: 131072, critic_loss: 0.2879, actor_loss: -0.0058
2026-05-12 15:59:40,116 [INFO] iter: 163840, critic_loss: 0.2566, actor_loss: -0.0039
2026-05-12 15:59:45,897 [INFO] iter: 196608, critic_loss: 0.2542, actor_loss: -0.0040
2026-05-12 15:59:51,611 [INFO] iter: 229376, critic_loss: 0.2473, actor_loss: -0.0029
2026-05-12 15:59:51,611 [INFO] Evaluation begin on 5 episodes...
2026-05-12 15:59:51,843 [INFO] Evaluation results: Reward: 19.11 ± 36.22 | Length: 100.0
2026-05-12 15:59:52,186 [INFO] saved agent rollout plot to RL/logs/rl_ppo/agent_rollout_229376.png
2026-05-12 15:59:52,188 [INFO] Model saved to: RL/logs/rl_ppo/best_model.pth
2026-05-12 15:59:52,188 [INFO] New best model saved! mean reward: 19.11
2026-05-12 15:59:57,923 [INFO] iter: 262144, critic_loss: 0.2446, actor_loss: -0.0026
2026-05-12 16:00:03,595 [INFO] iter: 294912, critic_loss: 0.2254, actor_loss: -0.0028
2026-05-12 16:00:09,417 [INFO] iter: 327680, critic_loss: 0.2583, actor_loss: -0.0033
2026-05-12 16:00:15,193 [INFO] iter: 360448, critic_loss: 0.2385, actor_loss: -0.0034
2026-05-12 16:00:21,141 [INFO] iter: 393216, critic_loss: 0.2336, actor_loss: -0.0032
2026-05-12 16:00:27,091 [INFO] iter: 425984, critic_loss: 0.2487, actor_loss: -0.0033
2026-05-12 16:00:32,999 [INFO] iter: 458752, critic_loss: 0.2534, actor_loss: -0.0042
2026-05-12 16:00:32,999 [INFO] Evaluation begin on 5 episodes...
2026-05-12 16:00:33,231 [INFO] Evaluation results: Reward: 24.59 ± 37.92 | Length: 100.0
2026-05-12 16:00:33,559 [INFO] saved agent rollout plot to RL/logs/rl_ppo/agent_rollout_458752.png
2026-05-12 16:00:33,561 [INFO] Model saved to: RL/logs/rl_ppo/best_model.pth
2026-05-12 16:00:33,561 [INFO] New best model saved! mean reward: 24.59
2026-05-12 16:00:39,352 [INFO] iter: 491520, critic_loss: 0.2594, actor_loss: -0.0028
2026-05-12 16:00:45,203 [INFO] iter: 524288, critic_loss: 0.2475, actor_loss: -0.0019
2026-05-12 16:00:51,151 [INFO] iter: 557056, critic_loss: 0.2511, actor_loss: -0.0038
2026-05-12 16:00:56,898 [INFO] iter: 589824, critic_loss: 0.2551, actor_loss: -0.0018
2026-05-12 16:01:02,895 [INFO] iter: 622592, critic_loss: 0.2944, actor_loss: -0.0019
2026-05-12 16:01:08,838 [INFO] iter: 655360, critic_loss: 0.3046, actor_loss: -0.0016
2026-05-12 16:01:14,720 [INFO] iter: 688128, critic_loss: 0.3184, actor_loss: -0.0011
2026-05-12 16:01:14,720 [INFO] Evaluation begin on 5 episodes...
2026-05-12 16:01:14,953 [INFO] Evaluation results: Reward: 62.12 ± 31.08 | Length: 100.0
2026-05-12 16:01:15,394 [INFO] saved agent rollout plot to RL/logs/rl_ppo/agent_rollout_688128.png
2026-05-12 16:01:15,396 [INFO] Model saved to: RL/logs/rl_ppo/best_model.pth
2026-05-12 16:01:15,396 [INFO] New best model saved! mean reward: 62.12
2026-05-12 16:01:21,229 [INFO] iter: 720896, critic_loss: 0.3051, actor_loss: -0.0003
2026-05-12 16:01:27,146 [INFO] iter: 753664, critic_loss: 0.3584, actor_loss: -0.0011
2026-05-12 16:01:33,116 [INFO] iter: 786432, critic_loss: 0.3487, actor_loss: -0.0013
2026-05-12 16:01:39,047 [INFO] iter: 819200, critic_loss: 0.3871, actor_loss: -0.0009
2026-05-12 16:01:44,974 [INFO] iter: 851968, critic_loss: 0.4127, actor_loss: -0.0010
2026-05-12 16:01:51,263 [INFO] iter: 884736, critic_loss: 0.4195, actor_loss: 0.0003
2026-05-12 16:01:57,481 [INFO] iter: 917504, critic_loss: 0.5070, actor_loss: -0.0018
2026-05-12 16:01:57,481 [INFO] Evaluation begin on 5 episodes...
2026-05-12 16:01:57,717 [INFO] Evaluation results: Reward: 151.44 ± 117.02 | Length: 100.0
2026-05-12 16:01:58,069 [INFO] saved agent rollout plot to RL/logs/rl_ppo/agent_rollout_917504.png
2026-05-12 16:01:58,071 [INFO] Model saved to: RL/logs/rl_ppo/best_model.pth
2026-05-12 16:01:58,071 [INFO] New best model saved! mean reward: 151.44
2026-05-12 16:02:04,203 [INFO] iter: 950272, critic_loss: 0.5549, actor_loss: 0.0011
2026-05-12 16:02:09,873 [INFO] iter: 983040, critic_loss: 0.5883, actor_loss: -0.0015
2026-05-12 16:02:15,627 [INFO] iter: 1015808, critic_loss: 0.6731, actor_loss: -0.0008
2026-05-12 16:02:21,638 [INFO] iter: 1048576, critic_loss: 0.7953, actor_loss: 0.0016
2026-05-12 16:02:27,603 [INFO] iter: 1081344, critic_loss: 0.8802, actor_loss: 0.0013
2026-05-12 16:02:33,563 [INFO] iter: 1114112, critic_loss: 1.0054, actor_loss: 0.0022
2026-05-12 16:02:39,528 [INFO] iter: 1146880, critic_loss: 1.1043, actor_loss: 0.0023
2026-05-12 16:02:39,528 [INFO] Evaluation begin on 5 episodes...
2026-05-12 16:02:39,763 [INFO] Evaluation results: Reward: 220.97 ± 113.66 | Length: 100.0
2026-05-12 16:02:40,082 [INFO] saved agent rollout plot to RL/logs/rl_ppo/agent_rollout_1146880.png
2026-05-12 16:02:40,084 [INFO] Model saved to: RL/logs/rl_ppo/best_model.pth
2026-05-12 16:02:40,084 [INFO] New best model saved! mean reward: 220.97
2026-05-12 16:02:45,853 [INFO] iter: 1179648, critic_loss: 1.3508, actor_loss: 0.0040
2026-05-12 16:02:51,816 [INFO] iter: 1212416, critic_loss: 1.4323, actor_loss: 0.0041
2026-05-12 16:02:58,110 [INFO] iter: 1245184, critic_loss: 1.4730, actor_loss: 0.0054
2026-05-12 16:03:03,952 [INFO] iter: 1277952, critic_loss: 1.5123, actor_loss: 0.0048
2026-05-12 16:03:09,835 [INFO] iter: 1310720, critic_loss: 1.6159, actor_loss: 0.0053
2026-05-12 16:03:15,821 [INFO] iter: 1343488, critic_loss: 1.5594, actor_loss: 0.0062
2026-05-12 16:03:21,682 [INFO] iter: 1376256, critic_loss: 1.2606, actor_loss: 0.0031
2026-05-12 16:03:21,682 [INFO] Evaluation begin on 5 episodes...
2026-05-12 16:03:21,922 [INFO] Evaluation results: Reward: 159.86 ± 48.73 | Length: 100.0
2026-05-12 16:03:22,241 [INFO] saved agent rollout plot to RL/logs/rl_ppo/agent_rollout_1376256.png
2026-05-12 16:03:28,249 [INFO] iter: 1409024, critic_loss: 1.2637, actor_loss: 0.0041
2026-05-12 16:03:34,117 [INFO] iter: 1441792, critic_loss: 0.9525, actor_loss: 0.0016
2026-05-12 16:03:40,050 [INFO] iter: 1474560, critic_loss: 1.0362, actor_loss: 0.0001
2026-05-12 16:03:45,954 [INFO] iter: 1507328, critic_loss: 1.4297, actor_loss: 0.0021
2026-05-12 16:03:52,053 [INFO] iter: 1540096, critic_loss: 1.6839, actor_loss: 0.0078
2026-05-12 16:03:58,105 [INFO] iter: 1572864, critic_loss: 1.5079, actor_loss: 0.0035
2026-05-12 16:04:04,652 [INFO] iter: 1605632, critic_loss: 1.1804, actor_loss: 0.0030
2026-05-12 16:04:04,652 [INFO] Evaluation begin on 5 episodes...
2026-05-12 16:04:04,889 [INFO] Evaluation results: Reward: 184.54 ± 52.06 | Length: 100.0
2026-05-12 16:04:05,221 [INFO] saved agent rollout plot to RL/logs/rl_ppo/agent_rollout_1605632.png
2026-05-12 16:04:11,210 [INFO] iter: 1638400, critic_loss: 0.9966, actor_loss: 0.0029
2026-05-12 16:04:17,012 [INFO] iter: 1671168, critic_loss: 1.0150, actor_loss: 0.0036
2026-05-12 16:04:22,729 [INFO] iter: 1703936, critic_loss: 1.2400, actor_loss: 0.0013
2026-05-12 16:04:28,568 [INFO] iter: 1736704, critic_loss: 1.6037, actor_loss: 0.0051
2026-05-12 16:04:34,534 [INFO] iter: 1769472, critic_loss: 1.4948, actor_loss: 0.0024
2026-05-12 16:04:40,355 [INFO] iter: 1802240, critic_loss: 1.5114, actor_loss: 0.0034
2026-05-12 16:04:46,360 [INFO] iter: 1835008, critic_loss: 1.8032, actor_loss: 0.0074
2026-05-12 16:04:46,361 [INFO] Evaluation begin on 5 episodes...
2026-05-12 16:04:46,600 [INFO] Evaluation results: Reward: 233.24 ± 85.05 | Length: 100.0
2026-05-12 16:04:46,911 [INFO] saved agent rollout plot to RL/logs/rl_ppo/agent_rollout_1835008.png
2026-05-12 16:04:46,913 [INFO] Model saved to: RL/logs/rl_ppo/best_model.pth
2026-05-12 16:04:46,913 [INFO] New best model saved! mean reward: 233.24
2026-05-12 16:04:52,889 [INFO] iter: 1867776, critic_loss: 1.7861, actor_loss: 0.0080
2026-05-12 16:04:58,818 [INFO] iter: 1900544, critic_loss: 1.8101, actor_loss: 0.0094
2026-05-12 16:05:04,568 [INFO] iter: 1933312, critic_loss: 1.7055, actor_loss: 0.0062
2026-05-12 16:05:10,515 [INFO] iter: 1966080, critic_loss: 1.7361, actor_loss: 0.0061
2026-05-12 16:05:16,308 [INFO] iter: 1998848, critic_loss: 1.7597, actor_loss: 0.0050
2026-05-12 16:05:22,256 [INFO] iter: 2031616, critic_loss: 1.7811, actor_loss: 0.0056
2026-05-12 16:05:22,256 [INFO] Trening zakończony!
2026-05-12 16:05:22,256 [INFO] Training finished
2026-05-12 16:05:22,256 [INFO] Evaluation begin on 5 episodes...
2026-05-12 16:05:22,491 [INFO] Evaluation results: Reward: 252.74 ± 65.60 | Length: 100.0
2026-05-12 16:05:22,966 [INFO] saved agent rollout plot to RL/logs/rl_ppo/agent_rollout_2031616.png
2026-05-12 16:05:22,967 [INFO] Model saved to: /home/igorsiata/studia/Reaction-Wheel-Pendulum/RL/models/ppo_pendulum_model.pth
