2026-06-04 18:06:12,004 [INFO] Creating 16 vectorized environments...
2026-06-04 18:06:12,004 [INFO] Reward: balanced, params: {'upright_weight': 0.3, 'stability_weight': 0.5, 'spin_weight': 0.1, 'energy_weight': 0.01, 'wheel_vel_weight': 0.01}
2026-06-04 18:06:13,334 [INFO] Model loaded from: /home/igorsiata/studia/Reaction-Wheel-Pendulum/RL/results/ppo/ppo_best_small/model.pth
2026-06-04 18:06:13,334 [INFO] Rozpoczynam trening PPO...
2026-06-04 18:06:19,179 [INFO] iter: 32768, lr: 3.00e-04, critic_loss: 1.1417, actor_loss: 0.0001
2026-06-04 18:06:24,205 [INFO] iter: 65536, lr: 2.97e-04, critic_loss: 0.7539, actor_loss: -0.0004
2026-06-04 18:06:28,675 [INFO] iter: 98304, lr: 2.94e-04, critic_loss: 0.5175, actor_loss: -0.0001
2026-06-04 18:06:33,307 [INFO] iter: 131072, lr: 2.91e-04, critic_loss: 0.3114, actor_loss: -0.0005
2026-06-04 18:06:38,047 [INFO] iter: 163840, lr: 2.89e-04, critic_loss: 0.2403, actor_loss: -0.0005
2026-06-04 18:06:42,887 [INFO] iter: 196608, lr: 2.86e-04, critic_loss: 0.1952, actor_loss: -0.0010
2026-06-04 18:06:47,450 [INFO] iter: 229376, lr: 2.83e-04, critic_loss: 0.1570, actor_loss: -0.0009
2026-06-04 18:06:52,007 [INFO] iter: 262144, lr: 2.80e-04, critic_loss: 0.1454, actor_loss: -0.0009
2026-06-04 18:06:56,614 [INFO] iter: 294912, lr: 2.77e-04, critic_loss: 0.1437, actor_loss: -0.0019
2026-06-04 18:07:01,426 [INFO] iter: 327680, lr: 2.74e-04, critic_loss: 0.1395, actor_loss: -0.0020
2026-06-04 18:07:06,568 [INFO] iter: 360448, lr: 2.72e-04, critic_loss: 0.1350, actor_loss: -0.0015
2026-06-04 18:07:11,168 [INFO] iter: 393216, lr: 2.69e-04, critic_loss: 0.1329, actor_loss: -0.0024
2026-06-04 18:07:16,007 [INFO] iter: 425984, lr: 2.66e-04, critic_loss: 0.1270, actor_loss: -0.0013
2026-06-04 18:07:20,778 [INFO] iter: 458752, lr: 2.63e-04, critic_loss: 0.1236, actor_loss: -0.0014
2026-06-04 18:07:25,500 [INFO] iter: 491520, lr: 2.60e-04, critic_loss: 0.1162, actor_loss: -0.0019
2026-06-04 18:07:30,266 [INFO] iter: 524288, lr: 2.57e-04, critic_loss: 0.1112, actor_loss: -0.0014
2026-06-04 18:07:30,266 [INFO] Evaluation begin on 4 episodes...
2026-06-04 18:07:30,266 [INFO] Model params: {K_sin: -3.9150, K_reac_wheel: -0.0079, K_pend_vel: 0.1165, K_motor: 484.7300, K_wheel_vel: 0.0023}
2026-06-04 18:07:30,266 [INFO] Physical params: {Ip: 0.0293, f: -0.1146, ml: -0.0003}
2026-06-04 18:07:30,461 [INFO] Model params: {K_sin: -3.9150, K_reac_wheel: -0.0079, K_pend_vel: 0.1165, K_motor: 484.7300, K_wheel_vel: 0.0023}
2026-06-04 18:07:30,461 [INFO] Physical params: {Ip: 0.0293, f: -0.1146, ml: -0.0003}
2026-06-04 18:07:30,655 [INFO] Model params: {K_sin: -3.9150, K_reac_wheel: -0.0079, K_pend_vel: 0.1165, K_motor: 484.7300, K_wheel_vel: 0.0023}
2026-06-04 18:07:30,655 [INFO] Physical params: {Ip: 0.0293, f: -0.1146, ml: -0.0003}
2026-06-04 18:07:30,849 [INFO] Model params: {K_sin: -3.9150, K_reac_wheel: -0.0079, K_pend_vel: 0.1165, K_motor: 484.7300, K_wheel_vel: 0.0023}
2026-06-04 18:07:30,849 [INFO] Physical params: {Ip: 0.0293, f: -0.1146, ml: -0.0003}
2026-06-04 18:07:31,044 [INFO] Evaluation results: Position error: 1830.88 ± 988.34 | Length: 500.0
2026-06-04 18:07:31,393 [INFO] saved agent rollout plot to RL/logs/ppo_train/agent_rollout_model0_524288.png
2026-06-04 18:07:31,576 [INFO] Model saved to: RL/logs/ppo_train/checkpoints/ckp_score=1830.875_iter=524288.pth
2026-06-04 18:07:31,577 [INFO] Model params: {K_sin: -27.2330, K_reac_wheel: -0.0012, K_pend_vel: 0.1130, K_motor: 484.7300, K_wheel_vel: 0.0023}
2026-06-04 18:07:31,577 [INFO] Physical params: {Ip: 0.1993, f: -5.4277, ml: -0.0023}
2026-06-04 18:07:31,771 [INFO] Model params: {K_sin: -27.2330, K_reac_wheel: -0.0012, K_pend_vel: 0.1130, K_motor: 484.7300, K_wheel_vel: 0.0023}
2026-06-04 18:07:31,772 [INFO] Physical params: {Ip: 0.1993, f: -5.4277, ml: -0.0023}
2026-06-04 18:07:31,967 [INFO] Model params: {K_sin: -27.2330, K_reac_wheel: -0.0012, K_pend_vel: 0.1130, K_motor: 484.7300, K_wheel_vel: 0.0023}
2026-06-04 18:07:31,967 [INFO] Physical params: {Ip: 0.1993, f: -5.4277, ml: -0.0023}
2026-06-04 18:07:32,162 [INFO] Model params: {K_sin: -27.2330, K_reac_wheel: -0.0012, K_pend_vel: 0.1130, K_motor: 484.7300, K_wheel_vel: 0.0023}
2026-06-04 18:07:32,162 [INFO] Physical params: {Ip: 0.1993, f: -5.4277, ml: -0.0023}
2026-06-04 18:07:32,369 [INFO] Evaluation results: Position error: 3420.35 ± 996.92 | Length: 500.0
2026-06-04 18:07:32,716 [INFO] saved agent rollout plot to RL/logs/ppo_train/agent_rollout_model1_524288.png
2026-06-04 18:07:32,914 [INFO] Model saved to: RL/logs/ppo_train/checkpoints/ckp_score=3420.354736328125_iter=524288.pth
2026-06-04 18:07:32,914 [INFO] Model params: {K_sin: -11.4982, K_reac_wheel: -0.0091, K_pend_vel: 0.0854, K_motor: 484.7300, K_wheel_vel: 0.0023}
2026-06-04 18:07:32,914 [INFO] Physical params: {Ip: 0.0252, f: -0.2897, ml: -0.0002}
2026-06-04 18:07:33,111 [INFO] Model params: {K_sin: -11.4982, K_reac_wheel: -0.0091, K_pend_vel: 0.0854, K_motor: 484.7300, K_wheel_vel: 0.0023}
2026-06-04 18:07:33,111 [INFO] Physical params: {Ip: 0.0252, f: -0.2897, ml: -0.0002}
2026-06-04 18:07:33,305 [INFO] Model params: {K_sin: -11.4982, K_reac_wheel: -0.0091, K_pend_vel: 0.0854, K_motor: 484.7300, K_wheel_vel: 0.0023}
2026-06-04 18:07:33,305 [INFO] Physical params: {Ip: 0.0252, f: -0.2897, ml: -0.0002}
2026-06-04 18:07:33,507 [INFO] Model params: {K_sin: -11.4982, K_reac_wheel: -0.0091, K_pend_vel: 0.0854, K_motor: 484.7300, K_wheel_vel: 0.0023}
2026-06-04 18:07:33,508 [INFO] Physical params: {Ip: 0.0252, f: -0.2897, ml: -0.0002}
2026-06-04 18:07:33,706 [INFO] Evaluation results: Position error: 4045.38 ± 634.21 | Length: 500.0
2026-06-04 18:07:34,167 [INFO] saved agent rollout plot to RL/logs/ppo_train/agent_rollout_model2_524288.png
2026-06-04 18:07:34,332 [INFO] Model saved to: RL/logs/ppo_train/checkpoints/ckp_score=4045.384521484375_iter=524288.pth
2026-06-04 18:07:34,333 [INFO] Model params: {K_sin: -6.9598, K_reac_wheel: -0.0082, K_pend_vel: 0.0868, K_motor: 484.7300, K_wheel_vel: 0.0023}
2026-06-04 18:07:34,333 [INFO] Physical params: {Ip: 0.0281, f: -0.1955, ml: -0.0002}
2026-06-04 18:07:34,531 [INFO] Model params: {K_sin: -6.9598, K_reac_wheel: -0.0082, K_pend_vel: 0.0868, K_motor: 484.7300, K_wheel_vel: 0.0023}
2026-06-04 18:07:34,531 [INFO] Physical params: {Ip: 0.0281, f: -0.1955, ml: -0.0002}
2026-06-04 18:07:34,727 [INFO] Model params: {K_sin: -6.9598, K_reac_wheel: -0.0082, K_pend_vel: 0.0868, K_motor: 484.7300, K_wheel_vel: 0.0023}
2026-06-04 18:07:34,727 [INFO] Physical params: {Ip: 0.0281, f: -0.1955, ml: -0.0002}
2026-06-04 18:07:34,927 [INFO] Model params: {K_sin: -6.9598, K_reac_wheel: -0.0082, K_pend_vel: 0.0868, K_motor: 484.7300, K_wheel_vel: 0.0023}
2026-06-04 18:07:34,927 [INFO] Physical params: {Ip: 0.0281, f: -0.1955, ml: -0.0002}
2026-06-04 18:07:35,125 [INFO] Evaluation results: Position error: 3300.94 ± 903.38 | Length: 500.0
2026-06-04 18:07:35,462 [INFO] saved agent rollout plot to RL/logs/ppo_train/agent_rollout_model3_524288.png
2026-06-04 18:07:35,631 [INFO] Model saved to: RL/logs/ppo_train/checkpoints/ckp_score=3300.94287109375_iter=524288.pth
2026-06-04 18:07:40,151 [INFO] iter: 557056, lr: 2.55e-04, critic_loss: 0.1092, actor_loss: -0.0013
2026-06-04 18:07:44,624 [INFO] iter: 589824, lr: 2.52e-04, critic_loss: 0.1076, actor_loss: -0.0008
2026-06-04 18:07:49,382 [INFO] iter: 622592, lr: 2.49e-04, critic_loss: 0.1032, actor_loss: -0.0012
2026-06-04 18:07:54,010 [INFO] iter: 655360, lr: 2.46e-04, critic_loss: 0.1010, actor_loss: -0.0018
2026-06-04 18:07:59,061 [INFO] iter: 688128, lr: 2.43e-04, critic_loss: 0.0999, actor_loss: -0.0014
2026-06-04 18:08:04,159 [INFO] iter: 720896, lr: 2.40e-04, critic_loss: 0.1035, actor_loss: -0.0015
2026-06-04 18:08:09,166 [INFO] iter: 753664, lr: 2.38e-04, critic_loss: 0.1026, actor_loss: -0.0007
2026-06-04 18:08:14,236 [INFO] iter: 786432, lr: 2.35e-04, critic_loss: 0.1031, actor_loss: -0.0007
2026-06-04 18:08:19,303 [INFO] iter: 819200, lr: 2.32e-04, critic_loss: 0.1027, actor_loss: -0.0009
2026-06-04 18:08:24,397 [INFO] iter: 851968, lr: 2.29e-04, critic_loss: 0.1069, actor_loss: -0.0004
2026-06-04 18:08:29,358 [INFO] iter: 884736, lr: 2.26e-04, critic_loss: 0.1039, actor_loss: -0.0011
2026-06-04 18:08:34,304 [INFO] iter: 917504, lr: 2.23e-04, critic_loss: 0.1111, actor_loss: -0.0006
2026-06-04 18:08:39,234 [INFO] iter: 950272, lr: 2.20e-04, critic_loss: 0.1079, actor_loss: -0.0004
2026-06-04 18:08:44,396 [INFO] iter: 983040, lr: 2.18e-04, critic_loss: 0.1021, actor_loss: -0.0009
2026-06-04 18:08:49,337 [INFO] iter: 1015808, lr: 2.15e-04, critic_loss: 0.1046, actor_loss: -0.0003
2026-06-04 18:08:54,236 [INFO] iter: 1048576, lr: 2.12e-04, critic_loss: 0.1059, actor_loss: -0.0007
2026-06-04 18:08:54,237 [INFO] Evaluation begin on 4 episodes...
2026-06-04 18:08:54,237 [INFO] Model params: {K_sin: -3.9150, K_reac_wheel: -0.0079, K_pend_vel: 0.1165, K_motor: 484.7300, K_wheel_vel: 0.0023}
2026-06-04 18:08:54,237 [INFO] Physical params: {Ip: 0.0293, f: -0.1146, ml: -0.0003}
2026-06-04 18:08:54,435 [INFO] Model params: {K_sin: -3.9150, K_reac_wheel: -0.0079, K_pend_vel: 0.1165, K_motor: 484.7300, K_wheel_vel: 0.0023}
2026-06-04 18:08:54,436 [INFO] Physical params: {Ip: 0.0293, f: -0.1146, ml: -0.0003}
2026-06-04 18:08:54,654 [INFO] Model params: {K_sin: -3.9150, K_reac_wheel: -0.0079, K_pend_vel: 0.1165, K_motor: 484.7300, K_wheel_vel: 0.0023}
2026-06-04 18:08:54,655 [INFO] Physical params: {Ip: 0.0293, f: -0.1146, ml: -0.0003}
2026-06-04 18:08:54,854 [INFO] Model params: {K_sin: -3.9150, K_reac_wheel: -0.0079, K_pend_vel: 0.1165, K_motor: 484.7300, K_wheel_vel: 0.0023}
2026-06-04 18:08:54,854 [INFO] Physical params: {Ip: 0.0293, f: -0.1146, ml: -0.0003}
2026-06-04 18:08:55,054 [INFO] Evaluation results: Position error: 2356.38 ± 1118.32 | Length: 500.0
2026-06-04 18:08:55,394 [INFO] saved agent rollout plot to RL/logs/ppo_train/agent_rollout_model0_1048576.png
2026-06-04 18:08:55,566 [INFO] Model saved to: RL/logs/ppo_train/checkpoints/ckp_score=2356.376220703125_iter=1048576.pth
2026-06-04 18:08:55,566 [INFO] Model params: {K_sin: -27.2330, K_reac_wheel: -0.0012, K_pend_vel: 0.1130, K_motor: 484.7300, K_wheel_vel: 0.0023}
2026-06-04 18:08:55,566 [INFO] Physical params: {Ip: 0.1993, f: -5.4277, ml: -0.0023}
2026-06-04 18:08:55,773 [INFO] Model params: {K_sin: -27.2330, K_reac_wheel: -0.0012, K_pend_vel: 0.1130, K_motor: 484.7300, K_wheel_vel: 0.0023}
2026-06-04 18:08:55,773 [INFO] Physical params: {Ip: 0.1993, f: -5.4277, ml: -0.0023}
2026-06-04 18:08:55,979 [INFO] Model params: {K_sin: -27.2330, K_reac_wheel: -0.0012, K_pend_vel: 0.1130, K_motor: 484.7300, K_wheel_vel: 0.0023}
2026-06-04 18:08:55,979 [INFO] Physical params: {Ip: 0.1993, f: -5.4277, ml: -0.0023}
2026-06-04 18:08:56,189 [INFO] Model params: {K_sin: -27.2330, K_reac_wheel: -0.0012, K_pend_vel: 0.1130, K_motor: 484.7300, K_wheel_vel: 0.0023}
2026-06-04 18:08:56,190 [INFO] Physical params: {Ip: 0.1993, f: -5.4277, ml: -0.0023}
2026-06-04 18:08:56,398 [INFO] Evaluation results: Position error: 3430.33 ± 979.92 | Length: 500.0
2026-06-04 18:08:56,755 [INFO] saved agent rollout plot to RL/logs/ppo_train/agent_rollout_model1_1048576.png
2026-06-04 18:08:56,957 [INFO] Model saved to: RL/logs/ppo_train/checkpoints/ckp_score=3430.33251953125_iter=1048576.pth
2026-06-04 18:08:56,958 [INFO] Model params: {K_sin: -11.4982, K_reac_wheel: -0.0091, K_pend_vel: 0.0854, K_motor: 484.7300, K_wheel_vel: 0.0023}
2026-06-04 18:08:56,958 [INFO] Physical params: {Ip: 0.0252, f: -0.2897, ml: -0.0002}
2026-06-04 18:08:57,170 [INFO] Model params: {K_sin: -11.4982, K_reac_wheel: -0.0091, K_pend_vel: 0.0854, K_motor: 484.7300, K_wheel_vel: 0.0023}
2026-06-04 18:08:57,171 [INFO] Physical params: {Ip: 0.0252, f: -0.2897, ml: -0.0002}
2026-06-04 18:08:57,372 [INFO] Model params: {K_sin: -11.4982, K_reac_wheel: -0.0091, K_pend_vel: 0.0854, K_motor: 484.7300, K_wheel_vel: 0.0023}
2026-06-04 18:08:57,372 [INFO] Physical params: {Ip: 0.0252, f: -0.2897, ml: -0.0002}
2026-06-04 18:08:57,583 [INFO] Model params: {K_sin: -11.4982, K_reac_wheel: -0.0091, K_pend_vel: 0.0854, K_motor: 484.7300, K_wheel_vel: 0.0023}
2026-06-04 18:08:57,583 [INFO] Physical params: {Ip: 0.0252, f: -0.2897, ml: -0.0002}
2026-06-04 18:08:57,785 [INFO] Evaluation results: Position error: 4200.14 ± 517.11 | Length: 500.0
2026-06-04 18:08:58,134 [INFO] saved agent rollout plot to RL/logs/ppo_train/agent_rollout_model2_1048576.png
2026-06-04 18:08:58,302 [INFO] Model saved to: RL/logs/ppo_train/checkpoints/ckp_score=4200.142578125_iter=1048576.pth
2026-06-04 18:08:58,303 [INFO] Model params: {K_sin: -6.9598, K_reac_wheel: -0.0082, K_pend_vel: 0.0868, K_motor: 484.7300, K_wheel_vel: 0.0023}
2026-06-04 18:08:58,303 [INFO] Physical params: {Ip: 0.0281, f: -0.1955, ml: -0.0002}
2026-06-04 18:08:58,503 [INFO] Model params: {K_sin: -6.9598, K_reac_wheel: -0.0082, K_pend_vel: 0.0868, K_motor: 484.7300, K_wheel_vel: 0.0023}
2026-06-04 18:08:58,503 [INFO] Physical params: {Ip: 0.0281, f: -0.1955, ml: -0.0002}
2026-06-04 18:08:58,706 [INFO] Model params: {K_sin: -6.9598, K_reac_wheel: -0.0082, K_pend_vel: 0.0868, K_motor: 484.7300, K_wheel_vel: 0.0023}
2026-06-04 18:08:58,706 [INFO] Physical params: {Ip: 0.0281, f: -0.1955, ml: -0.0002}
2026-06-04 18:08:58,920 [INFO] Model params: {K_sin: -6.9598, K_reac_wheel: -0.0082, K_pend_vel: 0.0868, K_motor: 484.7300, K_wheel_vel: 0.0023}
2026-06-04 18:08:58,920 [INFO] Physical params: {Ip: 0.0281, f: -0.1955, ml: -0.0002}
2026-06-04 18:08:59,128 [INFO] Evaluation results: Position error: 3787.73 ± 738.06 | Length: 500.0
2026-06-04 18:08:59,480 [INFO] saved agent rollout plot to RL/logs/ppo_train/agent_rollout_model3_1048576.png
2026-06-04 18:08:59,649 [INFO] Model saved to: RL/logs/ppo_train/checkpoints/ckp_score=3787.732421875_iter=1048576.pth
2026-06-04 18:09:04,639 [INFO] iter: 1081344, lr: 2.09e-04, critic_loss: 0.1041, actor_loss: -0.0003
2026-06-04 18:09:09,522 [INFO] iter: 1114112, lr: 2.06e-04, critic_loss: 0.1055, actor_loss: -0.0009
2026-06-04 18:09:14,356 [INFO] iter: 1146880, lr: 2.03e-04, critic_loss: 0.0929, actor_loss: -0.0006
2026-06-04 18:09:19,283 [INFO] iter: 1179648, lr: 2.01e-04, critic_loss: 0.0980, actor_loss: -0.0005
2026-06-04 18:09:24,125 [INFO] iter: 1212416, lr: 1.98e-04, critic_loss: 0.0982, actor_loss: -0.0002
2026-06-04 18:09:28,957 [INFO] iter: 1245184, lr: 1.95e-04, critic_loss: 0.0915, actor_loss: -0.0007
2026-06-04 18:09:33,836 [INFO] iter: 1277952, lr: 1.92e-04, critic_loss: 0.0932, actor_loss: -0.0008
2026-06-04 18:09:38,798 [INFO] iter: 1310720, lr: 1.89e-04, critic_loss: 0.0935, actor_loss: -0.0002
2026-06-04 18:09:43,819 [INFO] iter: 1343488, lr: 1.86e-04, critic_loss: 0.0975, actor_loss: -0.0010
2026-06-04 18:09:49,212 [INFO] iter: 1376256, lr: 1.84e-04, critic_loss: 0.0891, actor_loss: -0.0002
2026-06-04 18:09:54,507 [INFO] iter: 1409024, lr: 1.81e-04, critic_loss: 0.0887, actor_loss: -0.0006
2026-06-04 18:09:59,837 [INFO] iter: 1441792, lr: 1.78e-04, critic_loss: 0.0875, actor_loss: -0.0005
2026-06-04 18:10:05,346 [INFO] iter: 1474560, lr: 1.75e-04, critic_loss: 0.0873, actor_loss: -0.0003
2026-06-04 18:10:10,895 [INFO] iter: 1507328, lr: 1.72e-04, critic_loss: 0.0826, actor_loss: -0.0004
2026-06-04 18:10:16,229 [INFO] iter: 1540096, lr: 1.69e-04, critic_loss: 0.0761, actor_loss: -0.0002
2026-06-04 18:10:21,428 [INFO] iter: 1572864, lr: 1.67e-04, critic_loss: 0.0759, actor_loss: -0.0003
2026-06-04 18:10:21,429 [INFO] Evaluation begin on 4 episodes...
2026-06-04 18:10:21,429 [INFO] Model params: {K_sin: -3.9150, K_reac_wheel: -0.0079, K_pend_vel: 0.1165, K_motor: 484.7300, K_wheel_vel: 0.0023}
2026-06-04 18:10:21,429 [INFO] Physical params: {Ip: 0.0293, f: -0.1146, ml: -0.0003}
2026-06-04 18:10:21,653 [INFO] Model params: {K_sin: -3.9150, K_reac_wheel: -0.0079, K_pend_vel: 0.1165, K_motor: 484.7300, K_wheel_vel: 0.0023}
2026-06-04 18:10:21,653 [INFO] Physical params: {Ip: 0.0293, f: -0.1146, ml: -0.0003}
2026-06-04 18:10:21,861 [INFO] Model params: {K_sin: -3.9150, K_reac_wheel: -0.0079, K_pend_vel: 0.1165, K_motor: 484.7300, K_wheel_vel: 0.0023}
2026-06-04 18:10:21,862 [INFO] Physical params: {Ip: 0.0293, f: -0.1146, ml: -0.0003}
2026-06-04 18:10:22,063 [INFO] Model params: {K_sin: -3.9150, K_reac_wheel: -0.0079, K_pend_vel: 0.1165, K_motor: 484.7300, K_wheel_vel: 0.0023}
2026-06-04 18:10:22,064 [INFO] Physical params: {Ip: 0.0293, f: -0.1146, ml: -0.0003}
2026-06-04 18:10:22,270 [INFO] Evaluation results: Position error: 2693.03 ± 1142.58 | Length: 500.0
2026-06-04 18:10:22,810 [INFO] saved agent rollout plot to RL/logs/ppo_train/agent_rollout_model0_1572864.png
2026-06-04 18:10:22,979 [INFO] Model saved to: RL/logs/ppo_train/checkpoints/ckp_score=2693.02880859375_iter=1572864.pth
2026-06-04 18:10:22,980 [INFO] Model params: {K_sin: -27.2330, K_reac_wheel: -0.0012, K_pend_vel: 0.1130, K_motor: 484.7300, K_wheel_vel: 0.0023}
2026-06-04 18:10:22,980 [INFO] Physical params: {Ip: 0.1993, f: -5.4277, ml: -0.0023}
2026-06-04 18:10:23,186 [INFO] Model params: {K_sin: -27.2330, K_reac_wheel: -0.0012, K_pend_vel: 0.1130, K_motor: 484.7300, K_wheel_vel: 0.0023}
2026-06-04 18:10:23,186 [INFO] Physical params: {Ip: 0.1993, f: -5.4277, ml: -0.0023}
2026-06-04 18:10:23,396 [INFO] Model params: {K_sin: -27.2330, K_reac_wheel: -0.0012, K_pend_vel: 0.1130, K_motor: 484.7300, K_wheel_vel: 0.0023}
2026-06-04 18:10:23,396 [INFO] Physical params: {Ip: 0.1993, f: -5.4277, ml: -0.0023}
2026-06-04 18:10:23,630 [INFO] Model params: {K_sin: -27.2330, K_reac_wheel: -0.0012, K_pend_vel: 0.1130, K_motor: 484.7300, K_wheel_vel: 0.0023}
2026-06-04 18:10:23,630 [INFO] Physical params: {Ip: 0.1993, f: -5.4277, ml: -0.0023}
2026-06-04 18:10:23,839 [INFO] Evaluation results: Position error: 3436.21 ± 975.76 | Length: 500.0
2026-06-04 18:10:24,207 [INFO] saved agent rollout plot to RL/logs/ppo_train/agent_rollout_model1_1572864.png
2026-06-04 18:10:24,411 [INFO] Model saved to: RL/logs/ppo_train/checkpoints/ckp_score=3436.210693359375_iter=1572864.pth
2026-06-04 18:10:24,412 [INFO] Model params: {K_sin: -11.4982, K_reac_wheel: -0.0091, K_pend_vel: 0.0854, K_motor: 484.7300, K_wheel_vel: 0.0023}
2026-06-04 18:10:24,412 [INFO] Physical params: {Ip: 0.0252, f: -0.2897, ml: -0.0002}
2026-06-04 18:10:24,646 [INFO] Model params: {K_sin: -11.4982, K_reac_wheel: -0.0091, K_pend_vel: 0.0854, K_motor: 484.7300, K_wheel_vel: 0.0023}
2026-06-04 18:10:24,646 [INFO] Physical params: {Ip: 0.0252, f: -0.2897, ml: -0.0002}
2026-06-04 18:10:24,859 [INFO] Model params: {K_sin: -11.4982, K_reac_wheel: -0.0091, K_pend_vel: 0.0854, K_motor: 484.7300, K_wheel_vel: 0.0023}
2026-06-04 18:10:24,859 [INFO] Physical params: {Ip: 0.0252, f: -0.2897, ml: -0.0002}
2026-06-04 18:10:25,073 [INFO] Model params: {K_sin: -11.4982, K_reac_wheel: -0.0091, K_pend_vel: 0.0854, K_motor: 484.7300, K_wheel_vel: 0.0023}
2026-06-04 18:10:25,073 [INFO] Physical params: {Ip: 0.0252, f: -0.2897, ml: -0.0002}
2026-06-04 18:10:25,284 [INFO] Evaluation results: Position error: 4239.33 ± 467.12 | Length: 500.0
2026-06-04 18:10:25,640 [INFO] saved agent rollout plot to RL/logs/ppo_train/agent_rollout_model2_1572864.png
2026-06-04 18:10:25,810 [INFO] Model saved to: RL/logs/ppo_train/checkpoints/ckp_score=4239.3349609375_iter=1572864.pth
2026-06-04 18:10:25,810 [INFO] Model params: {K_sin: -6.9598, K_reac_wheel: -0.0082, K_pend_vel: 0.0868, K_motor: 484.7300, K_wheel_vel: 0.0023}
2026-06-04 18:10:25,811 [INFO] Physical params: {Ip: 0.0281, f: -0.1955, ml: -0.0002}
2026-06-04 18:10:26,037 [INFO] Model params: {K_sin: -6.9598, K_reac_wheel: -0.0082, K_pend_vel: 0.0868, K_motor: 484.7300, K_wheel_vel: 0.0023}
2026-06-04 18:10:26,037 [INFO] Physical params: {Ip: 0.0281, f: -0.1955, ml: -0.0002}
2026-06-04 18:10:26,260 [INFO] Model params: {K_sin: -6.9598, K_reac_wheel: -0.0082, K_pend_vel: 0.0868, K_motor: 484.7300, K_wheel_vel: 0.0023}
2026-06-04 18:10:26,260 [INFO] Physical params: {Ip: 0.0281, f: -0.1955, ml: -0.0002}
2026-06-04 18:10:26,474 [INFO] Model params: {K_sin: -6.9598, K_reac_wheel: -0.0082, K_pend_vel: 0.0868, K_motor: 484.7300, K_wheel_vel: 0.0023}
2026-06-04 18:10:26,475 [INFO] Physical params: {Ip: 0.0281, f: -0.1955, ml: -0.0002}
2026-06-04 18:10:26,680 [INFO] Evaluation results: Position error: 3908.85 ± 636.80 | Length: 500.0
2026-06-04 18:10:27,037 [INFO] saved agent rollout plot to RL/logs/ppo_train/agent_rollout_model3_1572864.png
2026-06-04 18:10:27,210 [INFO] Model saved to: RL/logs/ppo_train/checkpoints/ckp_score=3908.853271484375_iter=1572864.pth
2026-06-04 18:10:32,612 [INFO] iter: 1605632, lr: 1.64e-04, critic_loss: 0.0732, actor_loss: -0.0005
2026-06-04 18:10:38,258 [INFO] iter: 1638400, lr: 1.61e-04, critic_loss: 0.0676, actor_loss: -0.0004
2026-06-04 18:10:43,504 [INFO] iter: 1671168, lr: 1.58e-04, critic_loss: 0.0666, actor_loss: -0.0005
2026-06-04 18:10:48,475 [INFO] iter: 1703936, lr: 1.55e-04, critic_loss: 0.0600, actor_loss: -0.0005
2026-06-04 18:10:53,726 [INFO] iter: 1736704, lr: 1.52e-04, critic_loss: 0.0615, actor_loss: -0.0008
2026-06-04 18:10:58,937 [INFO] iter: 1769472, lr: 1.49e-04, critic_loss: 0.0583, actor_loss: -0.0006
2026-06-04 18:11:04,178 [INFO] iter: 1802240, lr: 1.47e-04, critic_loss: 0.0575, actor_loss: -0.0003
2026-06-04 18:11:09,401 [INFO] iter: 1835008, lr: 1.44e-04, critic_loss: 0.0534, actor_loss: -0.0003
2026-06-04 18:11:14,534 [INFO] iter: 1867776, lr: 1.41e-04, critic_loss: 0.0477, actor_loss: -0.0006
2026-06-04 18:11:19,607 [INFO] iter: 1900544, lr: 1.38e-04, critic_loss: 0.0482, actor_loss: -0.0004
2026-06-04 18:11:24,642 [INFO] iter: 1933312, lr: 1.35e-04, critic_loss: 0.0434, actor_loss: -0.0001
2026-06-04 18:11:29,750 [INFO] iter: 1966080, lr: 1.32e-04, critic_loss: 0.0404, actor_loss: -0.0003
2026-06-04 18:11:34,485 [INFO] iter: 1998848, lr: 1.30e-04, critic_loss: 0.0408, actor_loss: -0.0008
2026-06-04 18:11:39,268 [INFO] iter: 2031616, lr: 1.27e-04, critic_loss: 0.0438, actor_loss: -0.0004
2026-06-04 18:11:44,527 [INFO] iter: 2064384, lr: 1.24e-04, critic_loss: 0.0419, actor_loss: -0.0009
2026-06-04 18:11:49,703 [INFO] iter: 2097152, lr: 1.21e-04, critic_loss: 0.0425, actor_loss: -0.0003
2026-06-04 18:11:49,703 [INFO] Evaluation begin on 4 episodes...
2026-06-04 18:11:49,703 [INFO] Model params: {K_sin: -3.9150, K_reac_wheel: -0.0079, K_pend_vel: 0.1165, K_motor: 484.7300, K_wheel_vel: 0.0023}
2026-06-04 18:11:49,703 [INFO] Physical params: {Ip: 0.0293, f: -0.1146, ml: -0.0003}
2026-06-04 18:11:49,912 [INFO] Model params: {K_sin: -3.9150, K_reac_wheel: -0.0079, K_pend_vel: 0.1165, K_motor: 484.7300, K_wheel_vel: 0.0023}
2026-06-04 18:11:49,912 [INFO] Physical params: {Ip: 0.0293, f: -0.1146, ml: -0.0003}
2026-06-04 18:11:50,108 [INFO] Model params: {K_sin: -3.9150, K_reac_wheel: -0.0079, K_pend_vel: 0.1165, K_motor: 484.7300, K_wheel_vel: 0.0023}
2026-06-04 18:11:50,108 [INFO] Physical params: {Ip: 0.0293, f: -0.1146, ml: -0.0003}
2026-06-04 18:11:50,303 [INFO] Model params: {K_sin: -3.9150, K_reac_wheel: -0.0079, K_pend_vel: 0.1165, K_motor: 484.7300, K_wheel_vel: 0.0023}
2026-06-04 18:11:50,303 [INFO] Physical params: {Ip: 0.0293, f: -0.1146, ml: -0.0003}
2026-06-04 18:11:50,500 [INFO] Evaluation results: Position error: 2768.23 ± 1191.89 | Length: 500.0
2026-06-04 18:11:50,846 [INFO] saved agent rollout plot to RL/logs/ppo_train/agent_rollout_model0_2097152.png
2026-06-04 18:11:51,015 [INFO] Model saved to: RL/logs/ppo_train/checkpoints/ckp_score=2768.228271484375_iter=2097152.pth
2026-06-04 18:11:51,016 [INFO] Model params: {K_sin: -27.2330, K_reac_wheel: -0.0012, K_pend_vel: 0.1130, K_motor: 484.7300, K_wheel_vel: 0.0023}
2026-06-04 18:11:51,016 [INFO] Physical params: {Ip: 0.1993, f: -5.4277, ml: -0.0023}
2026-06-04 18:11:51,213 [INFO] Model params: {K_sin: -27.2330, K_reac_wheel: -0.0012, K_pend_vel: 0.1130, K_motor: 484.7300, K_wheel_vel: 0.0023}
2026-06-04 18:11:51,213 [INFO] Physical params: {Ip: 0.1993, f: -5.4277, ml: -0.0023}
2026-06-04 18:11:51,407 [INFO] Model params: {K_sin: -27.2330, K_reac_wheel: -0.0012, K_pend_vel: 0.1130, K_motor: 484.7300, K_wheel_vel: 0.0023}
2026-06-04 18:11:51,407 [INFO] Physical params: {Ip: 0.1993, f: -5.4277, ml: -0.0023}
2026-06-04 18:11:51,606 [INFO] Model params: {K_sin: -27.2330, K_reac_wheel: -0.0012, K_pend_vel: 0.1130, K_motor: 484.7300, K_wheel_vel: 0.0023}
2026-06-04 18:11:51,606 [INFO] Physical params: {Ip: 0.1993, f: -5.4277, ml: -0.0023}
2026-06-04 18:11:51,805 [INFO] Evaluation results: Position error: 3441.59 ± 975.59 | Length: 500.0
2026-06-04 18:11:52,147 [INFO] saved agent rollout plot to RL/logs/ppo_train/agent_rollout_model1_2097152.png
2026-06-04 18:11:52,322 [INFO] Model saved to: RL/logs/ppo_train/checkpoints/ckp_score=3441.592529296875_iter=2097152.pth
2026-06-04 18:11:52,333 [INFO] Model params: {K_sin: -11.4982, K_reac_wheel: -0.0091, K_pend_vel: 0.0854, K_motor: 484.7300, K_wheel_vel: 0.0023}
2026-06-04 18:11:52,342 [INFO] Physical params: {Ip: 0.0252, f: -0.2897, ml: -0.0002}
2026-06-04 18:11:52,546 [INFO] Model params: {K_sin: -11.4982, K_reac_wheel: -0.0091, K_pend_vel: 0.0854, K_motor: 484.7300, K_wheel_vel: 0.0023}
2026-06-04 18:11:52,546 [INFO] Physical params: {Ip: 0.0252, f: -0.2897, ml: -0.0002}
2026-06-04 18:11:52,743 [INFO] Model params: {K_sin: -11.4982, K_reac_wheel: -0.0091, K_pend_vel: 0.0854, K_motor: 484.7300, K_wheel_vel: 0.0023}
2026-06-04 18:11:52,743 [INFO] Physical params: {Ip: 0.0252, f: -0.2897, ml: -0.0002}
2026-06-04 18:11:52,963 [INFO] Model params: {K_sin: -11.4982, K_reac_wheel: -0.0091, K_pend_vel: 0.0854, K_motor: 484.7300, K_wheel_vel: 0.0023}
2026-06-04 18:11:52,963 [INFO] Physical params: {Ip: 0.0252, f: -0.2897, ml: -0.0002}
2026-06-04 18:11:53,166 [INFO] Evaluation results: Position error: 4289.38 ± 454.92 | Length: 500.0
2026-06-04 18:11:53,663 [INFO] saved agent rollout plot to RL/logs/ppo_train/agent_rollout_model2_2097152.png
2026-06-04 18:11:53,834 [INFO] Model saved to: RL/logs/ppo_train/checkpoints/ckp_score=4289.376953125_iter=2097152.pth
2026-06-04 18:11:53,835 [INFO] Model params: {K_sin: -6.9598, K_reac_wheel: -0.0082, K_pend_vel: 0.0868, K_motor: 484.7300, K_wheel_vel: 0.0023}
2026-06-04 18:11:53,835 [INFO] Physical params: {Ip: 0.0281, f: -0.1955, ml: -0.0002}
2026-06-04 18:11:54,057 [INFO] Model params: {K_sin: -6.9598, K_reac_wheel: -0.0082, K_pend_vel: 0.0868, K_motor: 484.7300, K_wheel_vel: 0.0023}
2026-06-04 18:11:54,057 [INFO] Physical params: {Ip: 0.0281, f: -0.1955, ml: -0.0002}
2026-06-04 18:11:54,262 [INFO] Model params: {K_sin: -6.9598, K_reac_wheel: -0.0082, K_pend_vel: 0.0868, K_motor: 484.7300, K_wheel_vel: 0.0023}
2026-06-04 18:11:54,262 [INFO] Physical params: {Ip: 0.0281, f: -0.1955, ml: -0.0002}
2026-06-04 18:11:54,470 [INFO] Model params: {K_sin: -6.9598, K_reac_wheel: -0.0082, K_pend_vel: 0.0868, K_motor: 484.7300, K_wheel_vel: 0.0023}
2026-06-04 18:11:54,470 [INFO] Physical params: {Ip: 0.0281, f: -0.1955, ml: -0.0002}
2026-06-04 18:11:54,672 [INFO] Evaluation results: Position error: 3969.57 ± 637.14 | Length: 500.0
2026-06-04 18:11:55,011 [INFO] saved agent rollout plot to RL/logs/ppo_train/agent_rollout_model3_2097152.png
2026-06-04 18:11:55,175 [INFO] Model saved to: RL/logs/ppo_train/checkpoints/ckp_score=3969.570068359375_iter=2097152.pth
2026-06-04 18:12:00,113 [INFO] iter: 2129920, lr: 1.18e-04, critic_loss: 0.0377, actor_loss: -0.0006
2026-06-04 18:12:04,583 [INFO] iter: 2162688, lr: 1.15e-04, critic_loss: 0.0349, actor_loss: -0.0003
2026-06-04 18:12:08,959 [INFO] iter: 2195456, lr: 1.13e-04, critic_loss: 0.0343, actor_loss: -0.0008
2026-06-04 18:12:13,502 [INFO] iter: 2228224, lr: 1.10e-04, critic_loss: 0.0351, actor_loss: -0.0005
2026-06-04 18:12:18,043 [INFO] iter: 2260992, lr: 1.07e-04, critic_loss: 0.0338, actor_loss: -0.0004
2026-06-04 18:12:22,497 [INFO] iter: 2293760, lr: 1.04e-04, critic_loss: 0.0331, actor_loss: -0.0003
2026-06-04 18:12:26,884 [INFO] iter: 2326528, lr: 1.01e-04, critic_loss: 0.0290, actor_loss: -0.0007
2026-06-04 18:12:31,284 [INFO] iter: 2359296, lr: 9.84e-05, critic_loss: 0.0289, actor_loss: -0.0004
2026-06-04 18:12:35,800 [INFO] iter: 2392064, lr: 9.55e-05, critic_loss: 0.0273, actor_loss: -0.0002
2026-06-04 18:12:40,245 [INFO] iter: 2424832, lr: 9.27e-05, critic_loss: 0.0281, actor_loss: -0.0002
2026-06-04 18:12:44,796 [INFO] iter: 2457600, lr: 8.98e-05, critic_loss: 0.0288, actor_loss: -0.0008
2026-06-04 18:12:49,294 [INFO] iter: 2490368, lr: 8.70e-05, critic_loss: 0.0248, actor_loss: -0.0007
2026-06-04 18:12:53,779 [INFO] iter: 2523136, lr: 8.42e-05, critic_loss: 0.0261, actor_loss: -0.0008
2026-06-04 18:12:58,245 [INFO] iter: 2555904, lr: 8.13e-05, critic_loss: 0.0235, actor_loss: -0.0003
2026-06-04 18:13:02,782 [INFO] iter: 2588672, lr: 7.85e-05, critic_loss: 0.0232, actor_loss: -0.0009
2026-06-04 18:13:07,296 [INFO] iter: 2621440, lr: 7.56e-05, critic_loss: 0.0208, actor_loss: -0.0007
2026-06-04 18:13:07,297 [INFO] Evaluation begin on 4 episodes...
2026-06-04 18:13:07,297 [INFO] Model params: {K_sin: -3.9150, K_reac_wheel: -0.0079, K_pend_vel: 0.1165, K_motor: 484.7300, K_wheel_vel: 0.0023}
2026-06-04 18:13:07,297 [INFO] Physical params: {Ip: 0.0293, f: -0.1146, ml: -0.0003}
2026-06-04 18:13:07,498 [INFO] Model params: {K_sin: -3.9150, K_reac_wheel: -0.0079, K_pend_vel: 0.1165, K_motor: 484.7300, K_wheel_vel: 0.0023}
2026-06-04 18:13:07,498 [INFO] Physical params: {Ip: 0.0293, f: -0.1146, ml: -0.0003}
2026-06-04 18:13:07,698 [INFO] Model params: {K_sin: -3.9150, K_reac_wheel: -0.0079, K_pend_vel: 0.1165, K_motor: 484.7300, K_wheel_vel: 0.0023}
2026-06-04 18:13:07,698 [INFO] Physical params: {Ip: 0.0293, f: -0.1146, ml: -0.0003}
2026-06-04 18:13:07,899 [INFO] Model params: {K_sin: -3.9150, K_reac_wheel: -0.0079, K_pend_vel: 0.1165, K_motor: 484.7300, K_wheel_vel: 0.0023}
2026-06-04 18:13:07,900 [INFO] Physical params: {Ip: 0.0293, f: -0.1146, ml: -0.0003}
2026-06-04 18:13:08,097 [INFO] Evaluation results: Position error: 2619.05 ± 1300.36 | Length: 500.0
2026-06-04 18:13:08,417 [INFO] saved agent rollout plot to RL/logs/ppo_train/agent_rollout_model0_2621440.png
2026-06-04 18:13:08,578 [INFO] Model saved to: RL/logs/ppo_train/checkpoints/ckp_score=2619.049072265625_iter=2621440.pth
2026-06-04 18:13:08,578 [INFO] Model params: {K_sin: -27.2330, K_reac_wheel: -0.0012, K_pend_vel: 0.1130, K_motor: 484.7300, K_wheel_vel: 0.0023}
2026-06-04 18:13:08,578 [INFO] Physical params: {Ip: 0.1993, f: -5.4277, ml: -0.0023}
2026-06-04 18:13:08,776 [INFO] Model params: {K_sin: -27.2330, K_reac_wheel: -0.0012, K_pend_vel: 0.1130, K_motor: 484.7300, K_wheel_vel: 0.0023}
2026-06-04 18:13:08,776 [INFO] Physical params: {Ip: 0.1993, f: -5.4277, ml: -0.0023}
2026-06-04 18:13:08,971 [INFO] Model params: {K_sin: -27.2330, K_reac_wheel: -0.0012, K_pend_vel: 0.1130, K_motor: 484.7300, K_wheel_vel: 0.0023}
2026-06-04 18:13:08,972 [INFO] Physical params: {Ip: 0.1993, f: -5.4277, ml: -0.0023}
2026-06-04 18:13:09,169 [INFO] Model params: {K_sin: -27.2330, K_reac_wheel: -0.0012, K_pend_vel: 0.1130, K_motor: 484.7300, K_wheel_vel: 0.0023}
2026-06-04 18:13:09,169 [INFO] Physical params: {Ip: 0.1993, f: -5.4277, ml: -0.0023}
2026-06-04 18:13:09,365 [INFO] Evaluation results: Position error: 3441.52 ± 976.66 | Length: 500.0
2026-06-04 18:13:09,700 [INFO] saved agent rollout plot to RL/logs/ppo_train/agent_rollout_model1_2621440.png
2026-06-04 18:13:09,893 [INFO] Model saved to: RL/logs/ppo_train/checkpoints/ckp_score=3441.51806640625_iter=2621440.pth
2026-06-04 18:13:09,893 [INFO] Model params: {K_sin: -11.4982, K_reac_wheel: -0.0091, K_pend_vel: 0.0854, K_motor: 484.7300, K_wheel_vel: 0.0023}
2026-06-04 18:13:09,893 [INFO] Physical params: {Ip: 0.0252, f: -0.2897, ml: -0.0002}
2026-06-04 18:13:10,094 [INFO] Model params: {K_sin: -11.4982, K_reac_wheel: -0.0091, K_pend_vel: 0.0854, K_motor: 484.7300, K_wheel_vel: 0.0023}
2026-06-04 18:13:10,094 [INFO] Physical params: {Ip: 0.0252, f: -0.2897, ml: -0.0002}
2026-06-04 18:13:10,298 [INFO] Model params: {K_sin: -11.4982, K_reac_wheel: -0.0091, K_pend_vel: 0.0854, K_motor: 484.7300, K_wheel_vel: 0.0023}
2026-06-04 18:13:10,298 [INFO] Physical params: {Ip: 0.0252, f: -0.2897, ml: -0.0002}
2026-06-04 18:13:10,502 [INFO] Model params: {K_sin: -11.4982, K_reac_wheel: -0.0091, K_pend_vel: 0.0854, K_motor: 484.7300, K_wheel_vel: 0.0023}
2026-06-04 18:13:10,502 [INFO] Physical params: {Ip: 0.0252, f: -0.2897, ml: -0.0002}
2026-06-04 18:13:10,700 [INFO] Evaluation results: Position error: 4296.77 ± 460.41 | Length: 500.0
2026-06-04 18:13:11,026 [INFO] saved agent rollout plot to RL/logs/ppo_train/agent_rollout_model2_2621440.png
2026-06-04 18:13:11,182 [INFO] Model saved to: RL/logs/ppo_train/checkpoints/ckp_score=4296.7685546875_iter=2621440.pth
2026-06-04 18:13:11,188 [INFO] Model params: {K_sin: -6.9598, K_reac_wheel: -0.0082, K_pend_vel: 0.0868, K_motor: 484.7300, K_wheel_vel: 0.0023}
2026-06-04 18:13:11,188 [INFO] Physical params: {Ip: 0.0281, f: -0.1955, ml: -0.0002}
2026-06-04 18:13:11,388 [INFO] Model params: {K_sin: -6.9598, K_reac_wheel: -0.0082, K_pend_vel: 0.0868, K_motor: 484.7300, K_wheel_vel: 0.0023}
2026-06-04 18:13:11,388 [INFO] Physical params: {Ip: 0.0281, f: -0.1955, ml: -0.0002}
2026-06-04 18:13:11,587 [INFO] Model params: {K_sin: -6.9598, K_reac_wheel: -0.0082, K_pend_vel: 0.0868, K_motor: 484.7300, K_wheel_vel: 0.0023}
2026-06-04 18:13:11,587 [INFO] Physical params: {Ip: 0.0281, f: -0.1955, ml: -0.0002}
2026-06-04 18:13:11,790 [INFO] Model params: {K_sin: -6.9598, K_reac_wheel: -0.0082, K_pend_vel: 0.0868, K_motor: 484.7300, K_wheel_vel: 0.0023}
2026-06-04 18:13:11,790 [INFO] Physical params: {Ip: 0.0281, f: -0.1955, ml: -0.0002}
2026-06-04 18:13:11,994 [INFO] Evaluation results: Position error: 3963.52 ± 668.14 | Length: 500.0
2026-06-04 18:13:12,326 [INFO] saved agent rollout plot to RL/logs/ppo_train/agent_rollout_model3_2621440.png
2026-06-04 18:13:12,488 [INFO] Model saved to: RL/logs/ppo_train/checkpoints/ckp_score=3963.52392578125_iter=2621440.pth
2026-06-04 18:13:17,562 [INFO] iter: 2654208, lr: 7.28e-05, critic_loss: 0.0191, actor_loss: -0.0002
2026-06-04 18:13:22,742 [INFO] iter: 2686976, lr: 7.00e-05, critic_loss: 0.0176, actor_loss: -0.0007
2026-06-04 18:13:27,909 [INFO] iter: 2719744, lr: 6.71e-05, critic_loss: 0.0194, actor_loss: -0.0008
2026-06-04 18:13:33,119 [INFO] iter: 2752512, lr: 6.43e-05, critic_loss: 0.0176, actor_loss: -0.0003
2026-06-04 18:13:38,418 [INFO] iter: 2785280, lr: 6.14e-05, critic_loss: 0.0167, actor_loss: -0.0004
2026-06-04 18:13:43,574 [INFO] iter: 2818048, lr: 5.86e-05, critic_loss: 0.0171, actor_loss: -0.0003
2026-06-04 18:13:48,276 [INFO] iter: 2850816, lr: 5.58e-05, critic_loss: 0.0150, actor_loss: -0.0003
2026-06-04 18:13:53,109 [INFO] iter: 2883584, lr: 5.29e-05, critic_loss: 0.0135, actor_loss: -0.0008
2026-06-04 18:13:57,909 [INFO] iter: 2916352, lr: 5.01e-05, critic_loss: 0.0119, actor_loss: -0.0005
2026-06-04 18:14:02,743 [INFO] iter: 2949120, lr: 4.72e-05, critic_loss: 0.0126, actor_loss: -0.0007
2026-06-04 18:14:07,311 [INFO] iter: 2981888, lr: 4.44e-05, critic_loss: 0.0125, actor_loss: -0.0011
2026-06-04 18:14:11,924 [INFO] iter: 3014656, lr: 4.16e-05, critic_loss: 0.0141, actor_loss: -0.0007
2026-06-04 18:14:11,924 [INFO] Trening zakończony!
2026-06-04 18:14:11,924 [INFO] Training finished
2026-06-04 18:14:11,924 [INFO] Evaluation begin on 4 episodes...
2026-06-04 18:14:11,924 [INFO] Model params: {K_sin: -3.9150, K_reac_wheel: -0.0079, K_pend_vel: 0.1165, K_motor: 484.7300, K_wheel_vel: 0.0023}
2026-06-04 18:14:11,924 [INFO] Physical params: {Ip: 0.0293, f: -0.1146, ml: -0.0003}
2026-06-04 18:14:12,120 [INFO] Model params: {K_sin: -3.9150, K_reac_wheel: -0.0079, K_pend_vel: 0.1165, K_motor: 484.7300, K_wheel_vel: 0.0023}
2026-06-04 18:14:12,120 [INFO] Physical params: {Ip: 0.0293, f: -0.1146, ml: -0.0003}
2026-06-04 18:14:12,320 [INFO] Model params: {K_sin: -3.9150, K_reac_wheel: -0.0079, K_pend_vel: 0.1165, K_motor: 484.7300, K_wheel_vel: 0.0023}
2026-06-04 18:14:12,320 [INFO] Physical params: {Ip: 0.0293, f: -0.1146, ml: -0.0003}
2026-06-04 18:14:12,528 [INFO] Model params: {K_sin: -3.9150, K_reac_wheel: -0.0079, K_pend_vel: 0.1165, K_motor: 484.7300, K_wheel_vel: 0.0023}
2026-06-04 18:14:12,528 [INFO] Physical params: {Ip: 0.0293, f: -0.1146, ml: -0.0003}
2026-06-04 18:14:12,727 [INFO] Evaluation results: Position error: 2257.79 ± 1306.41 | Length: 500.0
2026-06-04 18:14:13,271 [INFO] saved agent rollout plot to RL/logs/ppo_train/agent_rollout_model0_3014656.png
2026-06-04 18:14:13,438 [INFO] Model saved to: RL/logs/ppo_train/checkpoints/ckp_score=2257.79296875_iter=3014656.pth
2026-06-04 18:14:13,439 [INFO] Model params: {K_sin: -27.2330, K_reac_wheel: -0.0012, K_pend_vel: 0.1130, K_motor: 484.7300, K_wheel_vel: 0.0023}
2026-06-04 18:14:13,439 [INFO] Physical params: {Ip: 0.1993, f: -5.4277, ml: -0.0023}
2026-06-04 18:14:13,639 [INFO] Model params: {K_sin: -27.2330, K_reac_wheel: -0.0012, K_pend_vel: 0.1130, K_motor: 484.7300, K_wheel_vel: 0.0023}
2026-06-04 18:14:13,639 [INFO] Physical params: {Ip: 0.1993, f: -5.4277, ml: -0.0023}
2026-06-04 18:14:13,835 [INFO] Model params: {K_sin: -27.2330, K_reac_wheel: -0.0012, K_pend_vel: 0.1130, K_motor: 484.7300, K_wheel_vel: 0.0023}
2026-06-04 18:14:13,835 [INFO] Physical params: {Ip: 0.1993, f: -5.4277, ml: -0.0023}
2026-06-04 18:14:14,035 [INFO] Model params: {K_sin: -27.2330, K_reac_wheel: -0.0012, K_pend_vel: 0.1130, K_motor: 484.7300, K_wheel_vel: 0.0023}
2026-06-04 18:14:14,035 [INFO] Physical params: {Ip: 0.1993, f: -5.4277, ml: -0.0023}
2026-06-04 18:14:14,234 [INFO] Evaluation results: Position error: 3422.78 ± 982.72 | Length: 500.0
2026-06-04 18:14:14,575 [INFO] saved agent rollout plot to RL/logs/ppo_train/agent_rollout_model1_3014656.png
2026-06-04 18:14:14,766 [INFO] Model saved to: RL/logs/ppo_train/checkpoints/ckp_score=3422.782958984375_iter=3014656.pth
2026-06-04 18:14:14,772 [INFO] Model params: {K_sin: -11.4982, K_reac_wheel: -0.0091, K_pend_vel: 0.0854, K_motor: 484.7300, K_wheel_vel: 0.0023}
2026-06-04 18:14:14,772 [INFO] Physical params: {Ip: 0.0252, f: -0.2897, ml: -0.0002}
2026-06-04 18:14:14,974 [INFO] Model params: {K_sin: -11.4982, K_reac_wheel: -0.0091, K_pend_vel: 0.0854, K_motor: 484.7300, K_wheel_vel: 0.0023}
2026-06-04 18:14:14,974 [INFO] Physical params: {Ip: 0.0252, f: -0.2897, ml: -0.0002}
2026-06-04 18:14:15,173 [INFO] Model params: {K_sin: -11.4982, K_reac_wheel: -0.0091, K_pend_vel: 0.0854, K_motor: 484.7300, K_wheel_vel: 0.0023}
2026-06-04 18:14:15,173 [INFO] Physical params: {Ip: 0.0252, f: -0.2897, ml: -0.0002}
2026-06-04 18:14:15,377 [INFO] Model params: {K_sin: -11.4982, K_reac_wheel: -0.0091, K_pend_vel: 0.0854, K_motor: 484.7300, K_wheel_vel: 0.0023}
2026-06-04 18:14:15,377 [INFO] Physical params: {Ip: 0.0252, f: -0.2897, ml: -0.0002}
2026-06-04 18:14:15,575 [INFO] Evaluation results: Position error: 4123.31 ± 552.25 | Length: 500.0
2026-06-04 18:14:15,910 [INFO] saved agent rollout plot to RL/logs/ppo_train/agent_rollout_model2_3014656.png
2026-06-04 18:14:16,073 [INFO] Model saved to: RL/logs/ppo_train/checkpoints/ckp_score=4123.3134765625_iter=3014656.pth
2026-06-04 18:14:16,074 [INFO] Model params: {K_sin: -6.9598, K_reac_wheel: -0.0082, K_pend_vel: 0.0868, K_motor: 484.7300, K_wheel_vel: 0.0023}
2026-06-04 18:14:16,074 [INFO] Physical params: {Ip: 0.0281, f: -0.1955, ml: -0.0002}
2026-06-04 18:14:16,281 [INFO] Model params: {K_sin: -6.9598, K_reac_wheel: -0.0082, K_pend_vel: 0.0868, K_motor: 484.7300, K_wheel_vel: 0.0023}
2026-06-04 18:14:16,281 [INFO] Physical params: {Ip: 0.0281, f: -0.1955, ml: -0.0002}
2026-06-04 18:14:16,486 [INFO] Model params: {K_sin: -6.9598, K_reac_wheel: -0.0082, K_pend_vel: 0.0868, K_motor: 484.7300, K_wheel_vel: 0.0023}
2026-06-04 18:14:16,486 [INFO] Physical params: {Ip: 0.0281, f: -0.1955, ml: -0.0002}
2026-06-04 18:14:16,698 [INFO] Model params: {K_sin: -6.9598, K_reac_wheel: -0.0082, K_pend_vel: 0.0868, K_motor: 484.7300, K_wheel_vel: 0.0023}
2026-06-04 18:14:16,698 [INFO] Physical params: {Ip: 0.0281, f: -0.1955, ml: -0.0002}
2026-06-04 18:14:16,910 [INFO] Evaluation results: Position error: 3381.21 ± 919.82 | Length: 500.0
2026-06-04 18:14:17,239 [INFO] saved agent rollout plot to RL/logs/ppo_train/agent_rollout_model3_3014656.png
2026-06-04 18:14:17,408 [INFO] Model saved to: RL/logs/ppo_train/checkpoints/ckp_score=3381.211181640625_iter=3014656.pth
2026-06-04 18:14:21,780 [INFO] Model saved to: RL/logs/ppo_train/model.pth
