2026-04-27 09:04:57,212 [INFO] Initializing dataset and model
2026-04-27 09:05:18,350 [INFO] Dataset size: 4000
2026-04-27 09:05:18,351 [INFO] train_mode=True, eval_mode=True
2026-04-27 09:05:19,714 [INFO] Model Summary:
==========================================================================================
Layer (type:depth-idx)                   Output Shape              Param #
==========================================================================================
ParamEstimatorConv                       [32, 3]                   --
├─Sequential: 1-1                        [32, 64, 128]             --
│    └─Conv1d: 2-1                       [32, 64, 128]             1,664
│    └─ReLU: 2-2                         [32, 64, 128]             --
│    └─Conv1d: 2-3                       [32, 64, 128]             12,352
│    └─ReLU: 2-4                         [32, 64, 128]             --
│    └─Conv1d: 2-5                       [32, 64, 128]             12,352
│    └─ReLU: 2-6                         [32, 64, 128]             --
├─AdaptiveAvgPool1d: 1-2                 [32, 64, 1]               --
├─Sequential: 1-3                        [32, 3]                   --
│    └─Linear: 2-7                       [32, 64]                  4,160
│    └─ReLU: 2-8                         [32, 64]                  --
│    └─Linear: 2-9                       [32, 3]                   195
==========================================================================================
Total params: 30,723
Trainable params: 30,723
Non-trainable params: 0
Total mult-adds (Units.MEGABYTES): 108.14
==========================================================================================
Input size (MB): 0.08
Forward/backward pass size (MB): 6.31
Params size (MB): 0.12
Estimated Total Size (MB): 6.51
==========================================================================================
2026-04-27 09:05:19,715 [INFO] Hyperapras: {'Model': 'CONV', 'hidden_dim': 64, 'fc_dim': 64, 'seq_length': 128, 'n_episodes_in_epoch': 4000, 'epochs': 50, 'criterion': 'MSELOSS', 'optimizer': 'Adam', 'lr': 0.001}
2026-04-27 09:05:19,716 [INFO] Training started
2026-04-27 09:05:19,716 [INFO] Device: cuda
2026-04-27 09:05:19,716 [INFO] Epochs: 50
2026-04-27 09:05:19,716 [INFO] Checkpoint directory: /home/igorsiata/studia/Reaction-Wheel-Pendulum/RL/logs/train_param_estimator/checkpoints
2026-04-27 09:05:19,716 [INFO] TensorBoard directory: runs/
2026-04-27 09:05:20,204 [INFO] Epoch 1/50 | train_loss=0.122959 | val_loss=0.091955
2026-04-27 09:05:20,209 [INFO] New best model at epoch 1 | val_loss=0.091955 | saved=/home/igorsiata/studia/Reaction-Wheel-Pendulum/RL/logs/train_param_estimator/checkpoints/best_model.pt
2026-04-27 09:05:20,519 [INFO] Epoch 2/50 | train_loss=0.076681 | val_loss=0.068871
2026-04-27 09:05:20,523 [INFO] New best model at epoch 2 | val_loss=0.068871 | saved=/home/igorsiata/studia/Reaction-Wheel-Pendulum/RL/logs/train_param_estimator/checkpoints/best_model.pt
2026-04-27 09:05:20,829 [INFO] Epoch 3/50 | train_loss=0.064501 | val_loss=0.060920
2026-04-27 09:05:20,833 [INFO] New best model at epoch 3 | val_loss=0.060920 | saved=/home/igorsiata/studia/Reaction-Wheel-Pendulum/RL/logs/train_param_estimator/checkpoints/best_model.pt
2026-04-27 09:05:21,145 [INFO] Epoch 4/50 | train_loss=0.057923 | val_loss=0.053370
2026-04-27 09:05:21,149 [INFO] New best model at epoch 4 | val_loss=0.053370 | saved=/home/igorsiata/studia/Reaction-Wheel-Pendulum/RL/logs/train_param_estimator/checkpoints/best_model.pt
2026-04-27 09:05:21,465 [INFO] Epoch 5/50 | train_loss=0.055364 | val_loss=0.051373
2026-04-27 09:05:21,468 [INFO] New best model at epoch 5 | val_loss=0.051373 | saved=/home/igorsiata/studia/Reaction-Wheel-Pendulum/RL/logs/train_param_estimator/checkpoints/best_model.pt
2026-04-27 09:05:21,773 [INFO] Epoch 6/50 | train_loss=0.052189 | val_loss=0.050108
2026-04-27 09:05:21,777 [INFO] New best model at epoch 6 | val_loss=0.050108 | saved=/home/igorsiata/studia/Reaction-Wheel-Pendulum/RL/logs/train_param_estimator/checkpoints/best_model.pt
2026-04-27 09:05:22,092 [INFO] Epoch 7/50 | train_loss=0.049368 | val_loss=0.046160
2026-04-27 09:05:22,095 [INFO] New best model at epoch 7 | val_loss=0.046160 | saved=/home/igorsiata/studia/Reaction-Wheel-Pendulum/RL/logs/train_param_estimator/checkpoints/best_model.pt
2026-04-27 09:05:22,401 [INFO] Epoch 8/50 | train_loss=0.047691 | val_loss=0.045772
2026-04-27 09:05:22,404 [INFO] New best model at epoch 8 | val_loss=0.045772 | saved=/home/igorsiata/studia/Reaction-Wheel-Pendulum/RL/logs/train_param_estimator/checkpoints/best_model.pt
2026-04-27 09:05:22,709 [INFO] Epoch 9/50 | train_loss=0.044670 | val_loss=0.043442
2026-04-27 09:05:22,713 [INFO] New best model at epoch 9 | val_loss=0.043442 | saved=/home/igorsiata/studia/Reaction-Wheel-Pendulum/RL/logs/train_param_estimator/checkpoints/best_model.pt
2026-04-27 09:05:23,027 [INFO] Epoch 10/50 | train_loss=0.044487 | val_loss=0.043683
2026-04-27 09:05:23,341 [INFO] Epoch 11/50 | train_loss=0.042763 | val_loss=0.040509
2026-04-27 09:05:23,344 [INFO] New best model at epoch 11 | val_loss=0.040509 | saved=/home/igorsiata/studia/Reaction-Wheel-Pendulum/RL/logs/train_param_estimator/checkpoints/best_model.pt
2026-04-27 09:05:23,663 [INFO] Epoch 12/50 | train_loss=0.043315 | val_loss=0.041174
2026-04-27 09:05:23,974 [INFO] Epoch 13/50 | train_loss=0.041609 | val_loss=0.041213
2026-04-27 09:05:24,290 [INFO] Epoch 14/50 | train_loss=0.040927 | val_loss=0.039092
2026-04-27 09:05:24,293 [INFO] New best model at epoch 14 | val_loss=0.039092 | saved=/home/igorsiata/studia/Reaction-Wheel-Pendulum/RL/logs/train_param_estimator/checkpoints/best_model.pt
2026-04-27 09:05:24,606 [INFO] Epoch 15/50 | train_loss=0.039566 | val_loss=0.038216
2026-04-27 09:05:24,609 [INFO] New best model at epoch 15 | val_loss=0.038216 | saved=/home/igorsiata/studia/Reaction-Wheel-Pendulum/RL/logs/train_param_estimator/checkpoints/best_model.pt
2026-04-27 09:05:24,926 [INFO] Epoch 16/50 | train_loss=0.039767 | val_loss=0.038944
2026-04-27 09:05:25,238 [INFO] Epoch 17/50 | train_loss=0.038548 | val_loss=0.038881
2026-04-27 09:05:25,555 [INFO] Epoch 18/50 | train_loss=0.039540 | val_loss=0.036935
2026-04-27 09:05:25,558 [INFO] New best model at epoch 18 | val_loss=0.036935 | saved=/home/igorsiata/studia/Reaction-Wheel-Pendulum/RL/logs/train_param_estimator/checkpoints/best_model.pt
2026-04-27 09:05:25,876 [INFO] Epoch 19/50 | train_loss=0.038485 | val_loss=0.037431
2026-04-27 09:05:26,192 [INFO] Epoch 20/50 | train_loss=0.037871 | val_loss=0.038282
2026-04-27 09:05:26,510 [INFO] Epoch 21/50 | train_loss=0.037621 | val_loss=0.037098
2026-04-27 09:05:26,817 [INFO] Epoch 22/50 | train_loss=0.037768 | val_loss=0.037478
2026-04-27 09:05:27,123 [INFO] Epoch 23/50 | train_loss=0.036881 | val_loss=0.036598
2026-04-27 09:05:27,127 [INFO] New best model at epoch 23 | val_loss=0.036598 | saved=/home/igorsiata/studia/Reaction-Wheel-Pendulum/RL/logs/train_param_estimator/checkpoints/best_model.pt
2026-04-27 09:05:27,433 [INFO] Epoch 24/50 | train_loss=0.036761 | val_loss=0.036481
2026-04-27 09:05:27,436 [INFO] New best model at epoch 24 | val_loss=0.036481 | saved=/home/igorsiata/studia/Reaction-Wheel-Pendulum/RL/logs/train_param_estimator/checkpoints/best_model.pt
2026-04-27 09:05:27,744 [INFO] Epoch 25/50 | train_loss=0.036574 | val_loss=0.036307
2026-04-27 09:05:27,748 [INFO] New best model at epoch 25 | val_loss=0.036307 | saved=/home/igorsiata/studia/Reaction-Wheel-Pendulum/RL/logs/train_param_estimator/checkpoints/best_model.pt
2026-04-27 09:05:28,057 [INFO] Epoch 26/50 | train_loss=0.036307 | val_loss=0.035084
2026-04-27 09:05:28,060 [INFO] New best model at epoch 26 | val_loss=0.035084 | saved=/home/igorsiata/studia/Reaction-Wheel-Pendulum/RL/logs/train_param_estimator/checkpoints/best_model.pt
2026-04-27 09:05:28,382 [INFO] Epoch 27/50 | train_loss=0.035720 | val_loss=0.034844
2026-04-27 09:05:28,385 [INFO] New best model at epoch 27 | val_loss=0.034844 | saved=/home/igorsiata/studia/Reaction-Wheel-Pendulum/RL/logs/train_param_estimator/checkpoints/best_model.pt
2026-04-27 09:05:28,696 [INFO] Epoch 28/50 | train_loss=0.036167 | val_loss=0.036452
2026-04-27 09:05:29,008 [INFO] Epoch 29/50 | train_loss=0.035556 | val_loss=0.036289
2026-04-27 09:05:29,312 [INFO] Epoch 30/50 | train_loss=0.035238 | val_loss=0.036209
2026-04-27 09:05:29,623 [INFO] Epoch 31/50 | train_loss=0.034586 | val_loss=0.035665
2026-04-27 09:05:29,940 [INFO] Epoch 32/50 | train_loss=0.034666 | val_loss=0.034550
2026-04-27 09:05:29,944 [INFO] New best model at epoch 32 | val_loss=0.034550 | saved=/home/igorsiata/studia/Reaction-Wheel-Pendulum/RL/logs/train_param_estimator/checkpoints/best_model.pt
2026-04-27 09:05:30,266 [INFO] Epoch 33/50 | train_loss=0.034355 | val_loss=0.034728
2026-04-27 09:05:30,579 [INFO] Epoch 34/50 | train_loss=0.034389 | val_loss=0.035558
2026-04-27 09:05:30,899 [INFO] Epoch 35/50 | train_loss=0.034096 | val_loss=0.035092
2026-04-27 09:05:31,216 [INFO] Epoch 36/50 | train_loss=0.034131 | val_loss=0.035372
2026-04-27 09:05:31,542 [INFO] Epoch 37/50 | train_loss=0.033444 | val_loss=0.035506
2026-04-27 09:05:31,867 [INFO] Epoch 38/50 | train_loss=0.034131 | val_loss=0.033871
2026-04-27 09:05:31,871 [INFO] New best model at epoch 38 | val_loss=0.033871 | saved=/home/igorsiata/studia/Reaction-Wheel-Pendulum/RL/logs/train_param_estimator/checkpoints/best_model.pt
2026-04-27 09:05:32,184 [INFO] Epoch 39/50 | train_loss=0.032754 | val_loss=0.034533
2026-04-27 09:05:32,499 [INFO] Epoch 40/50 | train_loss=0.033413 | val_loss=0.035183
2026-04-27 09:05:32,818 [INFO] Epoch 41/50 | train_loss=0.033737 | val_loss=0.034256
2026-04-27 09:05:33,133 [INFO] Epoch 42/50 | train_loss=0.032777 | val_loss=0.034358
2026-04-27 09:05:33,440 [INFO] Epoch 43/50 | train_loss=0.032588 | val_loss=0.034789
2026-04-27 09:05:33,757 [INFO] Epoch 44/50 | train_loss=0.032039 | val_loss=0.034197
2026-04-27 09:05:34,070 [INFO] Epoch 45/50 | train_loss=0.032615 | val_loss=0.034154
2026-04-27 09:05:34,382 [INFO] Epoch 46/50 | train_loss=0.032526 | val_loss=0.033816
2026-04-27 09:05:34,386 [INFO] New best model at epoch 46 | val_loss=0.033816 | saved=/home/igorsiata/studia/Reaction-Wheel-Pendulum/RL/logs/train_param_estimator/checkpoints/best_model.pt
2026-04-27 09:05:34,692 [INFO] Epoch 47/50 | train_loss=0.031847 | val_loss=0.033424
2026-04-27 09:05:34,695 [INFO] New best model at epoch 47 | val_loss=0.033424 | saved=/home/igorsiata/studia/Reaction-Wheel-Pendulum/RL/logs/train_param_estimator/checkpoints/best_model.pt
2026-04-27 09:05:35,015 [INFO] Epoch 48/50 | train_loss=0.032077 | val_loss=0.033701
2026-04-27 09:05:35,326 [INFO] Epoch 49/50 | train_loss=0.031686 | val_loss=0.032970
2026-04-27 09:05:35,330 [INFO] New best model at epoch 49 | val_loss=0.032970 | saved=/home/igorsiata/studia/Reaction-Wheel-Pendulum/RL/logs/train_param_estimator/checkpoints/best_model.pt
2026-04-27 09:05:35,652 [INFO] Epoch 50/50 | train_loss=0.031743 | val_loss=0.033715
2026-04-27 09:05:35,658 [INFO] Saved best model to: /home/igorsiata/studia/Reaction-Wheel-Pendulum/RL/models/best_model.pt
2026-04-27 09:05:35,658 [INFO] Training finished | best_epoch=49 | best_val_loss=0.032970
2026-04-27 09:05:35,671 [INFO] Loaded checkpoint: /home/igorsiata/studia/Reaction-Wheel-Pendulum/RL/logs/train_param_estimator/checkpoints/best_model.pt
2026-04-27 09:05:35,710 [INFO] Evaluation on 1200 test samples
2026-04-27 09:05:35,710 [INFO] ============================================================
2026-04-27 09:05:35,711 [INFO] Evaluation Metrics (Original Scale)
2026-04-27 09:05:35,711 [INFO] ============================================================
2026-04-27 09:05:35,711 [INFO]           K_sin | MAE:   0.0920 | RMSE:   0.1228 | R2:  0.8096
2026-04-27 09:05:35,711 [INFO]    K_reac_wheel | MAE:   0.0561 | RMSE:   0.0736 | R2:  0.9344
2026-04-27 09:05:35,711 [INFO]      K_pend_vel | MAE:   0.2401 | RMSE:   0.2809 | R2:  0.0498
2026-04-27 09:05:35,711 [INFO] ============================================================
2026-04-27 09:05:35,711 [INFO] Overall Metrics
2026-04-27 09:05:35,711 [INFO] ============================================================
2026-04-27 09:05:35,711 [INFO] Mean MAE:  0.129395
2026-04-27 09:05:35,711 [INFO] Mean RMSE: 0.159116
2026-04-27 09:05:35,711 [INFO] Mean R2:   0.597940
2026-04-27 09:05:36,585 [INFO] Saved evaluation plot to: /home/igorsiata/studia/Reaction-Wheel-Pendulum/RL/logs/train_param_estimator/model_evaluation.png
2026-04-27 09:05:36,591 [INFO] Evaluation finished
